exported-sections/components/AIAnalysisSection.tsx(3,24): error TS2307: Cannot find module '../assets/ai-analysis.png' or its corresponding type declarations.
exported-sections/components/LamborghiniSection.tsx(4,25): error TS2307: Cannot find module '../assets/lamborghini.png' or its corresponding type declarations.
